// Jest Snapshot v1, https://goo.gl/fbAQLP

exports[`Test callWebhook function Can call a webhook 1`] = `
Object {
  "data": Object {
    "key": "value",
  },
  "headers": Object {
    "header-key-1": "header-value-1",
    "header-key-2": "header-value-2",
  },
  "url": "https://www.google.com",
}
`;
