// Jest Snapshot v1, https://goo.gl/fbAQLP

exports[`Test header endpoint Can create header only with right securityMetadata 1`] = `
Object {
  "headerCreate": Object {
    "key": "a",
    "value": "1",
  },
}
`;

exports[`Test header endpoint Cannot create header without right securityMetadata 1`] = `"Wrong securityMetadata"`;
