// Jest Snapshot v1, https://goo.gl/fbAQLP

exports[`Test webhook endpoint Can fetch webhook and associated headers 1`] = `
Object {
  "webhook": Array [
    Object {
      "headers": Array [
        Object {
          "key": "header-key-1",
          "value": "header-value-1",
        },
        Object {
          "key": "header-key-2",
          "value": "header-value-2",
        },
      ],
      "url": "https://www.google.com",
    },
  ],
}
`;

exports[`Test webhook endpoint Cannot fetch webhook without the right context 1`] = `
Object {
  "webhook": Array [],
}
`;
